// Jest Snapshot v1, https://goo.gl/fbAQLP

exports[`ConversationListItem should match snapshot 1`] = `
<ConversationListItem__Container
  onClick={[Function]}
>
  <ConversationListItem__ConversationName>
    Test
  </ConversationListItem__ConversationName>
  <Connect(UserSmallCircles)
    users={
      Array [
        Object {
          "userid": 1,
        },
      ]
    }
  />
</ConversationListItem__Container>
`;
